// Jest Snapshot v1, https://goo.gl/fbAQLP

exports[`SliderValue renders SliderValue 1`] = `
<div
  className="slidervalue"
>
  <div
    className="slider"
    onMouseDown={undefined}
    onMouseLeave={[Function]}
    onMouseMove={[Function]}
    onMouseUp={undefined}
    style={
      Object {
        "cursor": "e-resize",
      }
    }
  >
    <div
      className="outer_handle"
      draggable="false"
      style={
        Object {
          "cursor": "e-resize",
          "marginLeft": "80%",
        }
      }
    >
      <span
        className="handle"
      >
        IIII
      </span>
    </div>
  </div>
  <input
    className="value"
    onChange={[Function]}
    step={1000}
    type="number"
    value="50000"
  />
  <div
    className="unit"
  >
    â‚¬
  </div>
</div>
`;
